Decoding message using a Vigenere Cipher decoder!
Decoded Message is:
SPRING BREAK
