Decoding message using a Rail Fence Cipher decoder!
Decoded Message is:
SPRING BREAK
