Decoding message using a Caesar Cipher decoder!
Decoded Message is:
SPRING BREAK
