Encoding message using a Rail Fence Cipher encoder!
Encoded Message is:
TG HSIGBKAKVNRANIE
