Encoding message using a Vigenere Cipher encoder!
Encoded Message is:
FFKRIEESZGZE LVCMI
