Encoding message using a Caesar Cipher encoder!
Encoded Message is:
WKDQNVJLYLQJ EUHDN
